[    0.000000] Linux version 4.9.0Holmes+ (student@debian) (gcc version 6.3.0 20170516 (Debian 6.3.0-18+deb9u1) ) #13 SMP Thu Mar 12 22:51:45 EDT 2020
[    0.000000] Hello World from Sen Holmes (10409968)
[    0.000000] Command line: BOOT_IMAGE=/boot/vmlinuz-4.9.0Holmes+ root=UUID=30123817-340a-432f-8c36-45b7363012cb ro quiet console=tty0 console=ttyS0
[    0.000000] Hello World from Sen Holmes (10409968)
[    0.000000] x86/fpu: Supporting XSAVE feature 0x001: 'x87 floating point registers'
[    0.000000] x86/fpu: Supporting XSAVE feature 0x002: 'SSE registers'
[    0.000000] x86/fpu: Supporting XSAVE feature 0x004: 'AVX registers'
[    0.000000] x86/fpu: xstate_offset[2]:  576, xstate_sizes[2]:  256
[    0.000000] x86/fpu: Enabled xstate features 0x7, context size is 832 bytes, using 'standard' format.
[    0.000000] x86/fpu: Using 'eager' FPU context switches.
[    0.000000] e820: BIOS-provided physical RAM map:
[    0.000000] BIOS-e820: [mem 0x0000000000000000-0x000000000009fbff] usable
[    0.000000] BIOS-e820: [mem 0x000000000009fc00-0x000000000009ffff] reserved
[    0.000000] BIOS-e820: [mem 0x00000000000f0000-0x00000000000fffff] reserved
[    0.000000] BIOS-e820: [mem 0x0000000000100000-0x000000007ffeffff] usable
[    0.000000] BIOS-e820: [mem 0x000000007fff0000-0x000000007fffffff] ACPI data
[    0.000000] BIOS-e820: [mem 0x00000000fec00000-0x00000000fec00fff] reserved
[    0.000000] BIOS-e820: [mem 0x00000000fee00000-0x00000000fee00fff] reserved
[    0.000000] BIOS-e820: [mem 0x00000000fffc0000-0x00000000ffffffff] reserved
[    0.000000] NX (Execute Disable) protection: active
[    0.000000] SMBIOS 2.5 present.
[    0.000000] DMI: innotek GmbH VirtualBox/VirtualBox, BIOS VirtualBox 12/01/2006
[    0.000000] e820: update [mem 0x00000000-0x00000fff] usable ==> reserved
[    0.000000] e820: remove [mem 0x000a0000-0x000fffff] usable
[    0.000000] e820: last_pfn = 0x7fff0 max_arch_pfn = 0x400000000
[    0.000000] MTRR default type: uncachable
[    0.000000] MTRR variable ranges disabled:
[    0.000000] MTRR: Disabled
[    0.000000] x86/PAT: MTRRs disabled, skipping PAT initialization too.
[    0.000000] x86/PAT: Configuration [0-7]: WB  WT  UC- UC  WB  WT  UC- UC  
[    0.000000] CPU MTRRs all blank - virtualized system.
[    0.000000] found SMP MP-table at [mem 0x0009fff0-0x0009ffff] mapped at [ffff88000009fff0]
[    0.000000] Scanning 1 areas for low memory corruption
[    0.000000] Base memory trampoline at [ffff880000099000] 99000 size 24576
[    0.000000] BRK [0x02127000, 0x02127fff] PGTABLE
[    0.000000] BRK [0x02128000, 0x02128fff] PGTABLE
[    0.000000] BRK [0x02129000, 0x02129fff] PGTABLE
[    0.000000] BRK [0x0212a000, 0x0212afff] PGTABLE
[    0.000000] BRK [0x0212b000, 0x0212bfff] PGTABLE
[    0.000000] RAMDISK: [mem 0x378b3000-0x37c50fff]
[    0.000000] ACPI: Early table checksum verification disabled
[    0.000000] ACPI: RSDP 0x00000000000E0000 000024 (v02 VBOX  )
[    0.000000] ACPI: XSDT 0x000000007FFF0030 00003C (v01 VBOX   VBOXXSDT 00000001 ASL  00000061)
[    0.000000] ACPI: FACP 0x000000007FFF00F0 0000F4 (v04 VBOX   VBOXFACP 00000001 ASL  00000061)
[    0.000000] ACPI: DSDT 0x000000007FFF0470 0021C8 (v02 VBOX   VBOXBIOS 00000002 INTL 20100528)
[    0.000000] ACPI: FACS 0x000000007FFF0200 000040
[    0.000000] ACPI: FACS 0x000000007FFF0200 000040
[    0.000000] ACPI: APIC 0x000000007FFF0240 00005C (v02 VBOX   VBOXAPIC 00000001 ASL  00000061)
[    0.000000] ACPI: SSDT 0x000000007FFF02A0 0001CC (v01 VBOX   VBOXCPUT 00000002 INTL 20100528)
[    0.000000] ACPI: Local APIC address 0xfee00000
[    0.000000] No NUMA configuration found
[    0.000000] Faking a node at [mem 0x0000000000000000-0x000000007ffeffff]
[    0.000000] NODE_DATA(0) allocated [mem 0x7ffec000-0x7ffeffff]
[    0.000000] Zone ranges:
[    0.000000]   DMA      [mem 0x0000000000001000-0x0000000000ffffff]
[    0.000000]   DMA32    [mem 0x0000000001000000-0x000000007ffeffff]
[    0.000000]   Normal   empty
[    0.000000] Movable zone start for each node
[    0.000000] Early memory node ranges
[    0.000000]   node   0: [mem 0x0000000000001000-0x000000000009efff]
[    0.000000]   node   0: [mem 0x0000000000100000-0x000000007ffeffff]
[    0.000000] Initmem setup node 0 [mem 0x0000000000001000-0x000000007ffeffff]
[    0.000000] On node 0 totalpages: 524174
[    0.000000]   DMA zone: 64 pages used for memmap
[    0.000000]   DMA zone: 21 pages reserved
[    0.000000]   DMA zone: 3998 pages, LIFO batch:0
[    0.000000]   DMA32 zone: 8128 pages used for memmap
[    0.000000]   DMA32 zone: 520176 pages, LIFO batch:31
[    0.000000] ACPI: PM-Timer IO Port: 0x4008
[    0.000000] ACPI: Local APIC address 0xfee00000
[    0.000000] IOAPIC[0]: apic_id 2, version 32, address 0xfec00000, GSI 0-23
[    0.000000] ACPI: INT_SRC_OVR (bus 0 bus_irq 0 global_irq 2 dfl dfl)
[    0.000000] ACPI: INT_SRC_OVR (bus 0 bus_irq 9 global_irq 9 high level)
[    0.000000] ACPI: IRQ0 used by override.
[    0.000000] ACPI: IRQ9 used by override.
[    0.000000] Using ACPI (MADT) for SMP configuration information
[    0.000000] smpboot: Allowing 2 CPUs, 0 hotplug CPUs
[    0.000000] PM: Registered nosave memory: [mem 0x00000000-0x00000fff]
[    0.000000] PM: Registered nosave memory: [mem 0x0009f000-0x0009ffff]
[    0.000000] PM: Registered nosave memory: [mem 0x000a0000-0x000effff]
[    0.000000] PM: Registered nosave memory: [mem 0x000f0000-0x000fffff]
[    0.000000] e820: [mem 0x80000000-0xfebfffff] available for PCI devices
[    0.000000] clocksource: refined-jiffies: mask: 0xffffffff max_cycles: 0xffffffff, max_idle_ns: 1910969940391419 ns
[    0.000000] setup_percpu: NR_CPUS:64 nr_cpumask_bits:64 nr_cpu_ids:2 nr_node_ids:1
[    0.000000] percpu: Embedded 34 pages/cpu @ffff88007fc00000 s100632 r8192 d30440 u1048576
[    0.000000] pcpu-alloc: s100632 r8192 d30440 u1048576 alloc=1*2097152
[    0.000000] pcpu-alloc: [0] 0 1 
[    0.000000] Built 1 zonelists in Node order, mobility grouping on.  Total pages: 515961
[    0.000000] Policy zone: DMA32
[    0.000000] Kernel command line: BOOT_IMAGE=/boot/vmlinuz-4.9.0Holmes+ root=UUID=30123817-340a-432f-8c36-45b7363012cb ro quiet console=tty0 console=ttyS0
[    0.000000] PID hash table entries: 4096 (order: 3, 32768 bytes)
[    0.000000] Calgary: detecting Calgary via BIOS EBDA area
[    0.000000] Calgary: Unable to locate Rio Grande table in EBDA - bailing!
[    0.000000] Memory: 2042204K/2096696K available (9206K kernel code, 1226K rwdata, 2808K rodata, 1152K init, 800K bss, 54492K reserved, 0K cma-reserved)
[    0.000000] SLUB: HWalign=64, Order=0-3, MinObjects=0, CPUs=2, Nodes=1
[    0.000000] Hierarchical RCU implementation.
[    0.000000] 	Build-time adjustment of leaf fanout to 64.
[    0.000000] 	RCU restricting CPUs from NR_CPUS=64 to nr_cpu_ids=2.
[    0.000000] RCU: Adjusting geometry for rcu_fanout_leaf=64, nr_cpu_ids=2
[    0.000000] NR_IRQS:4352 nr_irqs:440 16
[    0.000000] Console: colour VGA+ 80x25
[    0.000000] console [tty0] enabled
[    0.000000] console [ttyS0] enabled
[    0.000000] tsc: Fast TSC calibration using PIT
[    0.000000] tsc: Detected 2494.112 MHz processor
[    0.000060] Calibrating delay loop (skipped), value calculated using timer frequency.. 4988.22 BogoMIPS (lpj=2494112)
[    0.000063] pid_max: default: 32768 minimum: 301
[    0.000073] ACPI: Core revision 20160831
[    0.000636] ACPI: 2 ACPI AML tables successfully acquired and loaded
[    0.000649] Security Framework initialized
[    0.000651] SELinux:  Initializing.
[    0.000656] SELinux:  Starting in permissive mode
[    0.000856] Dentry cache hash table entries: 262144 (order: 9, 2097152 bytes)
[    0.001209] Inode-cache hash table entries: 131072 (order: 8, 1048576 bytes)
[    0.001339] Mount-cache hash table entries: 4096 (order: 3, 32768 bytes)
[    0.001342] Mountpoint-cache hash table entries: 4096 (order: 3, 32768 bytes)
[    0.001759] CPU: Physical Processor ID: 0
[    0.001762] CPU: Processor Core ID: 0
[    0.001783] mce: CPU supports 0 MCE banks
[    0.001837] Last level iTLB entries: 4KB 1024, 2MB 1024, 4MB 1024
[    0.001839] Last level dTLB entries: 4KB 1024, 2MB 1024, 4MB 1024, 1GB 4
[    0.003785] Freeing SMP alternatives memory: 36K (ffffffff82054000 - ffffffff8205d000)
[    0.003962] smpboot: APIC(0) Converting physical 0 to logical package 0
[    0.003964] smpboot: Max logical packages: 1
[    0.004935] ..TIMER: vector=0x30 apic1=0 pin1=2 apic2=-1 pin2=-1
[    0.117276] smpboot: CPU0: Intel(R) Core(TM) i7-4870HQ CPU @ 2.50GHz (family: 0x6, model: 0x46, stepping: 0x1)
[    0.117305] Performance Events: unsupported p6 CPU model 70 no PMU driver, software events only.
[    0.117847] x86: Booting SMP configuration:
[    0.117848] .... node  #0, CPUs:      #1
[    0.118116] mce: CPU supports 0 MCE banks
[    0.178914] x86: Booted up 1 node, 2 CPUs
[    0.178916] smpboot: Total of 2 processors activated (9937.65 BogoMIPS)
[    0.179466] devtmpfs: initialized
[    0.179956] clocksource: jiffies: mask: 0xffffffff max_cycles: 0xffffffff, max_idle_ns: 1911260446275000 ns
[    0.180049] RTC time:  2:52:31, date: 03/13/20
[    0.180057] kworker/u4:0 (20) used greatest stack depth: 14872 bytes left
[    0.180114] NET: Registered protocol family 16
[    0.183907] cpuidle: using governor menu
[    0.183975] ACPI: bus type PCI registered
[    0.184111] PCI: Using configuration type 1 for base access
[    0.185065] kworker/u4:2 (60) used greatest stack depth: 14624 bytes left
[    0.185112] kworker/u4:2 (71) used greatest stack depth: 14128 bytes left
[    0.189426] kworker/u4:0 (185) used greatest stack depth: 14088 bytes left
[    0.192302] HugeTLB registered 2 MB page size, pre-allocated 0 pages
[    0.192501] ACPI: Added _OSI(Module Device)
[    0.192502] ACPI: Added _OSI(Processor Device)
[    0.192504] ACPI: Added _OSI(3.0 _SCP Extensions)
[    0.192505] ACPI: Added _OSI(Processor Aggregator Device)
[    0.192779] ACPI: Executed 1 blocks of module-level executable AML code
[    0.194488] ACPI: Interpreter enabled
[    0.194496] ACPI: (supports S0 S5)
[    0.194498] ACPI: Using IOAPIC for interrupt routing
[    0.194598] PCI: Using host bridge windows from ACPI; if necessary, use "pci=nocrs" and report a bug
[    0.198296] ACPI: PCI Root Bridge [PCI0] (domain 0000 [bus 00-ff])
[    0.198300] acpi PNP0A03:00: _OSC: OS supports [ASPM ClockPM Segments MSI]
[    0.198303] acpi PNP0A03:00: _OSC failed (AE_NOT_FOUND); disabling ASPM
[    0.198308] acpi PNP0A03:00: fail to add MMCONFIG information, can't access extended PCI configuration space under this bridge.
[    0.198388] PCI host bridge to bus 0000:00
[    0.198391] pci_bus 0000:00: root bus resource [io  0x0000-0x0cf7 window]
[    0.198393] pci_bus 0000:00: root bus resource [io  0x0d00-0xffff window]
[    0.198394] pci_bus 0000:00: root bus resource [mem 0x000a0000-0x000bffff window]
[    0.198396] pci_bus 0000:00: root bus resource [mem 0x80000000-0xffdfffff window]
[    0.198398] pci_bus 0000:00: root bus resource [bus 00-ff]
[    0.198430] pci 0000:00:00.0: [8086:1237] type 00 class 0x060000
[    0.198891] pci 0000:00:01.0: [8086:7000] type 00 class 0x060100
[    0.199341] pci 0000:00:01.1: [8086:7111] type 00 class 0x01018a
[    0.199614] pci 0000:00:01.1: reg 0x20: [io  0xd000-0xd00f]
[    0.199816] pci 0000:00:01.1: legacy IDE quirk: reg 0x10: [io  0x01f0-0x01f7]
[    0.199818] pci 0000:00:01.1: legacy IDE quirk: reg 0x14: [io  0x03f6]
[    0.199820] pci 0000:00:01.1: legacy IDE quirk: reg 0x18: [io  0x0170-0x0177]
[    0.199821] pci 0000:00:01.1: legacy IDE quirk: reg 0x1c: [io  0x0376]
[    0.199985] pci 0000:00:02.0: [80ee:beef] type 00 class 0x030000
[    0.201483] pci 0000:00:02.0: reg 0x10: [mem 0xe0000000-0xe1ffffff pref]
[    0.208939] pci 0000:00:03.0: [8086:100e] type 00 class 0x020000
[    0.209547] pci 0000:00:03.0: reg 0x10: [mem 0xf0000000-0xf001ffff]
[    0.210760] pci 0000:00:03.0: reg 0x18: [io  0xd010-0xd017]
[    0.213143] pci 0000:00:04.0: [80ee:cafe] type 00 class 0x088000
[    0.213701] pci 0000:00:04.0: reg 0x10: [io  0xd020-0xd03f]
[    0.214254] pci 0000:00:04.0: reg 0x14: [mem 0xf0400000-0xf07fffff]
[    0.214701] pci 0000:00:04.0: reg 0x18: [mem 0xf0800000-0xf0803fff pref]
[    0.217704] pci 0000:00:05.0: [8086:2415] type 00 class 0x040100
[    0.217773] pci 0000:00:05.0: reg 0x10: [io  0xd100-0xd1ff]
[    0.217821] pci 0000:00:05.0: reg 0x14: [io  0xd200-0xd23f]
[    0.218209] pci 0000:00:06.0: [106b:003f] type 00 class 0x0c0310
[    0.218673] pci 0000:00:06.0: reg 0x10: [mem 0xf0804000-0xf0804fff]
[    0.221979] pci 0000:00:07.0: [8086:7113] type 00 class 0x068000
[    0.222088] pci 0000:00:07.0: quirk: [io  0x4000-0x403f] claimed by PIIX4 ACPI
[    0.222088] pci 0000:00:07.0: quirk: [io  0x4100-0x410f] claimed by PIIX4 SMB
[    0.223378] pci 0000:00:0d.0: [8086:2829] type 00 class 0x010601
[    0.224130] pci 0000:00:0d.0: reg 0x10: [io  0xd240-0xd247]
[    0.225252] pci 0000:00:0d.0: reg 0x18: [io  0xd250-0xd257]
[    0.226270] pci 0000:00:0d.0: reg 0x20: [io  0xd260-0xd26f]
[    0.226641] pci 0000:00:0d.0: reg 0x24: [mem 0xf0806000-0xf0807fff]
[    0.228703] ACPI: PCI Interrupt Link [LNKA] (IRQs 5 9 10 *11)
[    0.228834] ACPI: PCI Interrupt Link [LNKB] (IRQs 5 9 10 *11)
[    0.228890] ACPI: PCI Interrupt Link [LNKC] (IRQs 5 9 *10 11)
[    0.228945] ACPI: PCI Interrupt Link [LNKD] (IRQs 5 *9 10 11)
[    0.229063] ACPI: Enabled 2 GPEs in block 00 to 07
[    0.229266] vgaarb: setting as boot device: PCI:0000:00:02.0
[    0.229268] vgaarb: device added: PCI:0000:00:02.0,decodes=io+mem,owns=io+mem,locks=none
[    0.229270] vgaarb: loaded
[    0.229271] vgaarb: bridge control possible 0000:00:02.0
[    0.229460] SCSI subsystem initialized
[    0.229601] libata version 3.00 loaded.
[    0.229629] ACPI: bus type USB registered
[    0.229653] usbcore: registered new interface driver usbfs
[    0.229662] usbcore: registered new interface driver hub
[    0.229678] usbcore: registered new device driver usb
[    0.229690] pps_core: LinuxPPS API ver. 1 registered
[    0.229691] pps_core: Software ver. 5.3.6 - Copyright 2005-2007 Rodolfo Giometti <giometti@linux.it>
[    0.229695] PTP clock support registered
[    0.229763] Advanced Linux Sound Architecture Driver Initialized.
[    0.229778] PCI: Using ACPI for IRQ routing
[    0.229780] PCI: pci_cache_line_size set to 64 bytes
[    0.229911] e820: reserve RAM buffer [mem 0x0009fc00-0x0009ffff]
[    0.229915] e820: reserve RAM buffer [mem 0x7fff0000-0x7fffffff]
[    0.230158] NetLabel: Initializing
[    0.230162] NetLabel:  domain hash size = 128
[    0.230163] NetLabel:  protocols = UNLABELED CIPSOv4
[    0.230177] NetLabel:  unlabeled traffic allowed by default
[    0.230509] clocksource: Switched to clocksource refined-jiffies
[    0.236270] VFS: Disk quotas dquot_6.6.0
[    0.236281] VFS: Dquot-cache hash table entries: 512 (order 0, 4096 bytes)
[    0.236341] pnp: PnP ACPI init
[    0.236479] pnp 00:00: Plug and Play ACPI device, IDs PNP0303 (active)
[    0.236538] pnp 00:01: Plug and Play ACPI device, IDs PNP0f03 (active)
[    0.236746] pnp 00:02: Plug and Play ACPI device, IDs PNP0501 (active)
[    0.237208] pnp: PnP ACPI: found 3 devices
[    0.248527] clocksource: acpi_pm: mask: 0xffffff max_cycles: 0xffffff, max_idle_ns: 2085701024 ns
[    0.248598] clocksource: Switched to clocksource acpi_pm
[    0.248606] pci_bus 0000:00: resource 4 [io  0x0000-0x0cf7 window]
[    0.248608] pci_bus 0000:00: resource 5 [io  0x0d00-0xffff window]
[    0.248610] pci_bus 0000:00: resource 6 [mem 0x000a0000-0x000bffff window]
[    0.248612] pci_bus 0000:00: resource 7 [mem 0x80000000-0xffdfffff window]
[    0.248666] NET: Registered protocol family 2
[    0.248811] TCP established hash table entries: 16384 (order: 5, 131072 bytes)
[    0.248859] TCP bind hash table entries: 16384 (order: 6, 262144 bytes)
[    0.248891] TCP: Hash tables configured (established 16384 bind 16384)
[    0.248909] UDP hash table entries: 1024 (order: 3, 32768 bytes)
[    0.248915] UDP-Lite hash table entries: 1024 (order: 3, 32768 bytes)
[    0.248941] NET: Registered protocol family 1
[    0.249230] RPC: Registered named UNIX socket transport module.
[    0.249231] RPC: Registered udp transport module.
[    0.249233] RPC: Registered tcp transport module.
[    0.249234] RPC: Registered tcp NFSv4.1 backchannel transport module.
[    0.249239] pci 0000:00:00.0: Limiting direct PCI/PCI transfers
[    0.249264] pci 0000:00:01.0: Activating ISA DMA hang workarounds
[    0.249299] pci 0000:00:02.0: Video device with shadowed ROM at [mem 0x000c0000-0x000dffff]
[    0.250081] PCI: CLS 0 bytes, default 64
[    0.250116] Unpacking initramfs...
[    0.288584] Freeing initrd memory: 3704K (ffff8800378b3000 - ffff880037c51000)
[    0.288791] RAPL PMU: API unit is 2^-32 Joules, 4 fixed counters, 10737418240 ms ovfl timer
[    0.288793] RAPL PMU: hw unit of domain pp0-core 2^-0 Joules
[    0.288795] RAPL PMU: hw unit of domain package 2^-0 Joules
[    0.288796] RAPL PMU: hw unit of domain dram 2^-0 Joules
[    0.288797] RAPL PMU: hw unit of domain pp1-gpu 2^-0 Joules
[    0.288863] platform rtc_cmos: registered platform RTC device (no PNP device found)
[    0.289081] Scanning for low memory corruption every 60 seconds
[    0.289384] futex hash table entries: 512 (order: 3, 32768 bytes)
[    0.289395] audit: initializing netlink subsys (disabled)
[    0.289405] audit: type=2000 audit(1584067951.186:1): initialized
[    0.289796] workingset: timestamp_bits=56 max_order=19 bucket_order=0
[    0.292850] NFS: Registering the id_resolver key type
[    0.292855] Key type id_resolver registered
[    0.292856] Key type id_legacy registered
[    0.292962] SELinux:  Registering netfilter hooks
[    0.299486] Block layer SCSI generic (bsg) driver version 0.4 loaded (major 251)
[    0.299490] io scheduler noop registered
[    0.299492] io scheduler deadline registered
[    0.299498] io scheduler cfq registered (default)
[    0.299566] pci_hotplug: PCI Hot Plug PCI Core version: 0.5
[    0.299965] ACPI: AC Adapter [AC] (off-line)
[    0.300034] input: Power Button as /devices/LNXSYSTM:00/LNXPWRBN:00/input/input0
[    0.300037] ACPI: Power Button [PWRF]
[    0.300099] input: Sleep Button as /devices/LNXSYSTM:00/LNXSLPBN:00/input/input1
[    0.300101] ACPI: Sleep Button [SLPF]
[    0.300164] ACPI: Video Device [GFX0] (multi-head: yes  rom: no  post: no)
[    0.300214] input: Video Bus as /devices/LNXSYSTM:00/LNXSYBUS:00/PNP0A03:00/LNXVIDEO:00/input/input2
[    0.300350] Serial: 8250/16550 driver, 4 ports, IRQ sharing enabled
[    0.301076] ACPI: Battery Slot [BAT0] (battery present)
[    0.322280] 00:02: ttyS0 at I/O 0x3f8 (irq = 4, base_baud = 115200) is a 16550A
[    0.322951] Non-volatile memory driver v1.3
[    0.322979] Linux agpgart interface v0.103
[    0.323054] [drm] Initialized
[    0.324479] loop: module loaded
[    0.324530] ahci 0000:00:0d.0: version 3.0
[    0.324953] ahci 0000:00:0d.0: SSS flag set, parallel bus scan disabled
[    0.325039] ahci 0000:00:0d.0: AHCI 0001.0100 32 slots 1 ports 3 Gbps 0x1 impl SATA mode
[    0.325041] ahci 0000:00:0d.0: flags: 64bit ncq stag only ccc 
[    0.325285] scsi host0: ahci
[    0.325350] ata1: SATA max UDMA/133 abar m8192@0xf0806000 port 0xf0806100 irq 21
[    0.325363] ata_piix 0000:00:01.1: version 2.13
[    0.325815] scsi host1: ata_piix
[    0.325933] scsi host2: ata_piix
[    0.325965] ata2: PATA max UDMA/33 cmd 0x1f0 ctl 0x3f6 bmdma 0xd000 irq 14
[    0.325966] ata3: PATA max UDMA/33 cmd 0x170 ctl 0x376 bmdma 0xd008 irq 15
[    0.326035] e100: Intel(R) PRO/100 Network Driver, 3.5.24-k2-NAPI
[    0.326036] e100: Copyright(c) 1999-2006 Intel Corporation
[    0.326044] e1000: Intel(R) PRO/1000 Network Driver - version 7.3.21-k8-NAPI
[    0.326045] e1000: Copyright (c) 1999-2006 Intel Corporation.
[    0.479813] ata3.00: ATAPI: VBOX CD-ROM, 1.0, max UDMA/133
[    0.480140] ata3.00: configured for UDMA/33
[    0.637863] ata1: SATA link up 3.0 Gbps (SStatus 123 SControl 300)
[    0.638069] ata1.00: ATA-6: VBOX HARDDISK, 1.0, max UDMA/133
[    0.638073] ata1.00: 50331648 sectors, multi 128: LBA48 NCQ (depth 31/32)
[    0.638404] ata1.00: configured for UDMA/133
[    0.638817] scsi 0:0:0:0: Direct-Access     ATA      VBOX HARDDISK    1.0  PQ: 0 ANSI: 5
[    0.661506] e1000 0000:00:03.0 eth0: (PCI:33MHz:32-bit) 08:00:27:e8:1d:f9
[    0.661512] e1000 0000:00:03.0 eth0: Intel(R) PRO/1000 Network Connection
[    0.661532] e1000e: Intel(R) PRO/1000 Network Driver - 3.2.6-k
[    0.661534] e1000e: Copyright(c) 1999 - 2015 Intel Corporation.
[    0.661546] sky2: driver version 1.30
[    0.661691] ehci_hcd: USB 2.0 'Enhanced' Host Controller (EHCI) Driver
[    0.661693] ehci-pci: EHCI PCI platform driver
[    0.661715] ohci_hcd: USB 1.1 'Open' Host Controller (OHCI) Driver
[    0.661718] ohci-pci: OHCI PCI platform driver
[    0.662114] ohci-pci 0000:00:06.0: OHCI PCI host controller
[    0.662159] ohci-pci 0000:00:06.0: new USB bus registered, assigned bus number 1
[    0.662214] ohci-pci 0000:00:06.0: irq 22, io mem 0xf0804000
[    0.663895] sd 0:0:0:0: [sda] 50331648 512-byte logical blocks: (25.8 GB/24.0 GiB)
[    0.663949] sd 0:0:0:0: Attached scsi generic sg0 type 0
[    0.663994] sd 0:0:0:0: [sda] Write Protect is off
[    0.663996] sd 0:0:0:0: [sda] Mode Sense: 00 3a 00 00
[    0.664018] sd 0:0:0:0: [sda] Write cache: enabled, read cache: enabled, doesn't support DPO or FUA
[    0.664409] scsi 2:0:0:0: CD-ROM            VBOX     CD-ROM           1.0  PQ: 0 ANSI: 5
[    0.667020]  sda: sda1 sda2 < sda5 >
[    0.667802] sd 0:0:0:0: [sda] Attached SCSI disk
[    0.677188] sr 2:0:0:0: [sr0] scsi3-mmc drive: 32x/32x xa/form2 tray
[    0.677198] cdrom: Uniform CD-ROM driver Revision: 3.20
[    0.677372] sr 2:0:0:0: Attached scsi CD-ROM sr0
[    0.677606] sr 2:0:0:0: Attached scsi generic sg1 type 5
[    0.714876] usb usb1: New USB device found, idVendor=1d6b, idProduct=0001
[    0.714880] usb usb1: New USB device strings: Mfr=3, Product=2, SerialNumber=1
[    0.714882] usb usb1: Product: OHCI PCI host controller
[    0.714884] usb usb1: Manufacturer: Linux 4.9.0Holmes+ ohci_hcd
[    0.714886] usb usb1: SerialNumber: 0000:00:06.0
[    0.715047] hub 1-0:1.0: USB hub found
[    0.715065] hub 1-0:1.0: 12 ports detected
[    0.715507] uhci_hcd: USB Universal Host Controller Interface driver
[    0.715538] usbcore: registered new interface driver usblp
[    0.715576] usbcore: registered new interface driver usb-storage
[    0.715599] i8042: PNP: PS/2 Controller [PNP0303:PS2K,PNP0f03:PS2M] at 0x60,0x64 irq 1,12
[    0.716060] serio: i8042 KBD port at 0x60,0x64 irq 1
[    0.716065] serio: i8042 AUX port at 0x60,0x64 irq 12
[    0.716172] mousedev: PS/2 mouse device common for all mice
[    0.716750] input: AT Translated Set 2 keyboard as /devices/platform/i8042/serio0/input/input3
[    0.717657] rtc_cmos rtc_cmos: rtc core: registered rtc_cmos as rtc0
[    0.717706] rtc_cmos rtc_cmos: alarms up to one day, 114 bytes nvram
[    0.717842] device-mapper: ioctl: 4.35.0-ioctl (2016-06-23) initialised: dm-devel@redhat.com
[    0.717856] hidraw: raw HID events driver (C) Jiri Kosina
[    0.717981] usbcore: registered new interface driver usbhid
[    0.717982] usbhid: USB HID core driver
[    0.718491] Netfilter messages via NETLINK v0.30.
[    0.718581] nf_conntrack version 0.5.0 (16384 buckets, 65536 max)
[    0.718660] ctnetlink v0.93: registering with nfnetlink.
[    0.718910] ip_tables: (C) 2000-2006 Netfilter Core Team
[    0.718922] Initializing XFRM netlink socket
[    0.719082] NET: Registered protocol family 10
[    0.719494] ip6_tables: (C) 2000-2006 Netfilter Core Team
[    0.719789] sit: IPv6, IPv4 and MPLS over IPv4 tunneling driver
[    0.719896] NET: Registered protocol family 17
[    0.719911] Key type dns_resolver registered
[    0.720125] microcode: sig=0x40661, pf=0x40, revision=0x0
[    0.720211] microcode: Microcode Update Driver: v2.01 <tigran@aivazian.fsnet.co.uk>, Peter Oruba
[    0.720303] registered taskstats version 1
[    0.720510]   Magic number: 12:505:864
[    0.720549] console [netcon0] enabled
[    0.720550] netconsole: network logging started
[    0.720594] PM: Hibernation image not present or could not be loaded.
[    0.720595] ALSA device list:
[    0.720597]   No soundcards found.
[    0.721600] Freeing unused kernel memory: 1152K (ffffffff81f34000 - ffffffff82054000)
[    0.721602] Write protecting the kernel read-only data: 14336k
[    0.721963] Freeing unused kernel memory: 1012K (ffff880001903000 - ffff880001a00000)
[    0.723760] Freeing unused kernel memory: 1288K (ffff880001cbe000 - ffff880001e00000)
[    0.736947] random: systemd-udevd: uninitialized urandom read (16 bytes read)
[    0.736995] random: systemd-udevd: uninitialized urandom read (16 bytes read)
[    0.737001] random: systemd-udevd: uninitialized urandom read (16 bytes read)
[    0.737569] random: udevadm: uninitialized urandom read (16 bytes read)
[    0.737598] random: udevadm: uninitialized urandom read (16 bytes read)
[    0.737973] random: udevadm: uninitialized urandom read (16 bytes read)
[    0.737982] random: udevadm: uninitialized urandom read (16 bytes read)
[    0.738008] random: udevadm: uninitialized urandom read (16 bytes read)
[    0.738016] random: udevadm: uninitialized urandom read (16 bytes read)
[    0.738147] random: udevadm: uninitialized urandom read (16 bytes read)
[    0.747002] udevadm (988) used greatest stack depth: 14080 bytes left
[    0.751553] e1000 0000:00:03.0 enp0s3: renamed from eth0
[    0.796938] ata_id (1005) used greatest stack depth: 13160 bytes left
[    0.831514] PM: Starting manual resume from disk
[    0.831516] PM: Hibernation image partition 8:5 present
[    0.831518] PM: Looking for hibernation image.
[    0.831928] PM: Image not found (code -22)
[    0.831929] PM: Hibernation image not present or could not be loaded.
[    0.859178] EXT4-fs (sda1): mounted filesystem with ordered data mode. Opts: (null)
[    0.883579] random: fast init done
[    0.919604] input: ImExPS/2 Generic Explorer Mouse as /devices/platform/i8042/serio1/input/input5
[    0.937291] systemd[1]: systemd 232 running in system mode. (+PAM +AUDIT +SELINUX +IMA +APPARMOR +SMACK +SYSVINIT +UTMP +LIBCRYPTSETUP +GCRYPT +GNUTLS +ACL +XZ +LZ4 +SECCOMP +BLKID +ELFUTILS +KMOD +IDN)
[    0.937331] systemd[1]: Detected virtualization oracle.
[    0.937335] systemd[1]: Detected architecture x86-64.
[    0.937705] systemd[1]: Set hostname to <debian>.
[    1.024407] systemd[1]: Listening on /dev/initctl Compatibility Named Pipe.
[    1.024462] systemd[1]: Listening on fsck to fsckd communication Socket.
[    1.024497] systemd[1]: Started Forward Password Requests to Wall Directory Watch.
[    1.024534] systemd[1]: Listening on Journal Socket.
[    1.024563] systemd[1]: Listening on udev Kernel Socket.
[    1.024594] systemd[1]: Listening on Journal Socket (/dev/log).
[    1.073698] EXT4-fs (sda1): re-mounted. Opts: errors=remount-ro
[    1.091664] usb 1-1: new full-speed USB device number 2 using ohci-pci
[    1.137129] systemd-journald[1056]: Received request to flush runtime journal from PID 1
[    1.310079] usb 1-1: New USB device found, idVendor=80ee, idProduct=0021
[    1.310081] usb 1-1: New USB device strings: Mfr=1, Product=3, SerialNumber=0
[    1.310083] usb 1-1: Product: USB Tablet
[    1.310085] usb 1-1: Manufacturer: VirtualBox
[    1.327578] input: VirtualBox USB Tablet as /devices/pci0000:00/0000:00:06.0/usb1/1-1/1-1:1.0/0003:80EE:0021.0001/input/input6
[    1.327766] hid-generic 0003:80EE:0021.0001: input,hidraw0: USB HID v1.10 Mouse [VirtualBox USB Tablet] on usb-0000:00:06.0-1/input0
[    1.350687] tsc: Refined TSC clocksource calibration: 2494.225 MHz
[    1.350698] clocksource: tsc: mask: 0xffffffffffffffff max_cycles: 0x23f3ea95b09, max_idle_ns: 440795287034 ns
[    1.353505] cdrom_id (1131) used greatest stack depth: 13144 bytes left
[    1.475110] Adding 2095100k swap on /dev/sda5.  Priority:-1 extents:1 across:2095100k 
[    1.540723] random: crng init done
[    1.587449] IPv6: ADDRCONF(NETDEV_UP): enp0s3: link is not ready
[    2.359911] clocksource: Switched to clocksource tsc
[    3.591347] e1000: enp0s3 NIC Link is Up 1000 Mbps Full Duplex, Flow Control: RX
[    3.591940] IPv6: ADDRCONF(NETDEV_CHANGE): enp0s3: link becomes ready
[    9.428637] mv (1318) used greatest stack depth: 13000 bytes left
[   67.431507] Pid: 1350
[   67.431510] my_syscall(5, 7) = 12
